INFO:root:[2025-06-22 10:08:35] 🚀 Eseguo: /home/user/mappa-concorsi/scarica_regioni.py
INFO:root:[2025-06-22 10:11:02] ✅ Completato: /home/user/mappa-concorsi/scarica_regioni.py
INFO:root:[2025-06-22 10:11:02] 🚀 Eseguo: /home/user/mappa-concorsi/geolocalizza.py
INFO:root:[2025-06-22 11:08:26] ✅ Completato: /home/user/mappa-concorsi/geolocalizza.py
INFO:root:[2025-06-22 11:08:26] 🔄 Git add/commit/push...
INFO:root:[2025-06-22 11:08:27] ✅ Dati pushati su Git
INFO:root:[2025-06-22 11:13:00] 🚀 Eseguo: /home/user/mappa-concorsi/scarica_regioni.py
INFO:root:[2025-06-22 11:15:27] ✅ Completato: /home/user/mappa-concorsi/scarica_regioni.py
INFO:root:[2025-06-22 11:15:27] 🚀 Eseguo: /home/user/mappa-concorsi/geolocalizza.py
INFO:root:[2025-07-30 10:22:21] 🚀 Eseguo: /home/user/mappa-concorsi/scarica_regioni.py
INFO:root:[2025-07-30 10:24:49] ✅ Completato: /home/user/mappa-concorsi/scarica_regioni.py
INFO:root:[2025-07-30 10:24:49] 🚀 Eseguo: /home/user/mappa-concorsi/geolocalizza.py
INFO:root:[2025-07-30 10:29:21] 🚀 Eseguo: /home/user/mappa-concorsi/scarica_regioni.py
INFO:root:[2025-07-30 10:31:47] ✅ Completato: /home/user/mappa-concorsi/scarica_regioni.py
INFO:root:[2025-07-30 10:31:47] 🚀 Eseguo: /home/user/mappa-concorsi/geolocalizza.py
INFO:root:[2025-07-30 10:33:36] 🚀 Eseguo: /home/user/mappa-concorsi/scarica_regioni.py
INFO:root:[2025-07-30 10:36:03] ✅ Completato: /home/user/mappa-concorsi/scarica_regioni.py
INFO:root:[2025-07-30 10:36:03] 🚀 Eseguo: /home/user/mappa-concorsi/geolocalizza.py
INFO:root:[2025-07-30 15:42:48] 🚀 Eseguo: /home/user/mappa-concorsi/scarica_regioni.py
INFO:root:[2025-07-30 15:45:12] ✅ Completato: /home/user/mappa-concorsi/scarica_regioni.py
INFO:root:[2025-07-30 15:45:12] 🚀 Eseguo: /home/user/mappa-concorsi/geolocalizza.py
INFO:root:[2025-07-30 19:03:12] ✅ Completato: /home/user/mappa-concorsi/geolocalizza.py
INFO:root:[2025-07-30 19:03:12] 🔄 Git add/commit/push...
INFO:root:[2025-07-30 19:03:13] ✅ Dati pushati su Git
INFO:root:[2025-07-30 19:03:13] 📨 Invio notifica Telegram...
INFO:root:[2025-07-30 19:03:16] ✅ Notifica Telegram inviata
